src/pages/Dashboard.tsx(1,1): error TS6133: 'React' is declared but its value is never read.
src/pages/Dashboard.tsx(2,10): error TS6133: 'LayoutDashboard' is declared but its value is never read.
src/pages/Dashboard.tsx(5,3): error TS6133: 'LineChart' is declared but its value is never read.
src/pages/Dashboard.tsx(5,14): error TS6133: 'Line' is declared but its value is never read.
src/pages/Dashboard.tsx(87,38): error TS6133: 'entry' is declared but its value is never read.
